---
source: nimbus/src/lib.rs
expression: select
---
SelectResult(
    [
        [
            String(
                "'abc'",
            ),
            Numeric(
                "2",
            ),
        ],
        [
            String(
                "'def'",
            ),
            Numeric(
                "3",
            ),
        ],
    ],
)
